app/api/pdf/merge/route.ts(31,29): error TS2345: Argument of type 'Uint8Array<ArrayBufferLike>' is not assignable to parameter of type 'BodyInit | null | undefined'.
  Type 'Uint8Array<ArrayBufferLike>' is missing the following properties from type 'URLSearchParams': size, append, delete, get, and 2 more.
app/api/templates/clauses/route.ts(19,9): error TS2353: Object literal may only specify known properties, and 'minRating' does not exist in type '{ category?: ClauseCategory | undefined; industry?: string | undefined; contractType?: string | undefined; riskLevel?: string | undefined; minPopularity?: number | undefined; }'.
app/profile/page.tsx(52,21): error TS2322: Type 'string | null | undefined' is not assignable to type 'string | undefined'.
  Type 'null' is not assignable to type 'string | undefined'.
components/AnalysisResult.tsx(461,61): error TS2339: Property 'exportAsPDFHTML' does not exist on type 'typeof import("C:/Personal Coding/VS CODE(github aligned/beforeyousign/lib/enhanced-export")'.
components/AnalysisResult.tsx(470,59): error TS2345: Argument of type '{ format: "html" | "pdf" | "markdown" | "json"; includeBookmarks: boolean; includeNotes: boolean; includeAIRecommendations: boolean; clauseFilter: "all" | "bookmarked" | "high-risk"; }' is not assignable to parameter of type 'ExportOptions'.
  Types of property 'format' are incompatible.
    Type '"html" | "pdf" | "markdown" | "json"' is not assignable to type '"html" | "markdown" | "json"'.
      Type '"pdf"' is not assignable to type '"html" | "markdown" | "json"'.
components/AnalysisResult.tsx(474,55): error TS2345: Argument of type '{ format: "html" | "pdf" | "markdown" | "json"; includeBookmarks: boolean; includeNotes: boolean; includeAIRecommendations: boolean; clauseFilter: "all" | "bookmarked" | "high-risk"; }' is not assignable to parameter of type 'ExportOptions'.
  Types of property 'format' are incompatible.
    Type '"html" | "pdf" | "markdown" | "json"' is not assignable to type '"html" | "markdown" | "json"'.
      Type '"pdf"' is not assignable to type '"html" | "markdown" | "json"'.
components/AnalysisResult.tsx(482,55): error TS2345: Argument of type '{ format: "html" | "pdf" | "markdown" | "json"; includeBookmarks: boolean; includeNotes: boolean; includeAIRecommendations: boolean; clauseFilter: "all" | "bookmarked" | "high-risk"; }' is not assignable to parameter of type 'ExportOptions'.
  Types of property 'format' are incompatible.
    Type '"html" | "pdf" | "markdown" | "json"' is not assignable to type '"html" | "markdown" | "json"'.
      Type '"pdf"' is not assignable to type '"html" | "markdown" | "json"'.
components/Navbar.tsx(468,27): error TS2322: Type 'string | null | undefined' is not assignable to type 'string | undefined'.
  Type 'null' is not assignable to type 'string | undefined'.
components/Navbar.tsx(490,33): error TS2322: Type 'string | null | undefined' is not assignable to type 'string | undefined'.
  Type 'null' is not assignable to type 'string | undefined'.
components/Navbar.tsx(928,27): error TS2322: Type 'string | null | undefined' is not assignable to type 'string | undefined'.
  Type 'null' is not assignable to type 'string | undefined'.
lib/ai-lawyer-chatbot.ts(528,9): error TS2739: Type '{ source: string; title: string; url: string; relevance: number; excerpt: string; }' is missing the following properties from type 'LegalCitation': citationType, jurisdiction
lib/ai-lawyer-chatbot.ts(535,9): error TS2739: Type '{ source: string; title: string; relevance: number; excerpt: string; }' is missing the following properties from type 'LegalCitation': citationType, jurisdiction
lib/ai-lawyer-chatbot.ts(553,9): error TS2739: Type '{ action: string; priority: "high"; cost: string; timeframe: string; }' is missing the following properties from type '{ action: string; priority: "medium" | "high" | "low" | "critical"; cost: string; timeframe: string; diyPossible: boolean; complexity: number; successRate?: number | undefined; }': diyPossible, complexity
lib/ai-lawyer-chatbot.ts(559,9): error TS2739: Type '{ action: string; priority: "medium"; cost: string; timeframe: string; }' is missing the following properties from type '{ action: string; priority: "medium" | "high" | "low" | "critical"; cost: string; timeframe: string; diyPossible: boolean; complexity: number; successRate?: number | undefined; }': diyPossible, complexity
lib/ai-lawyer-chatbot.ts(587,9): error TS2739: Type '{ source: string; title: string; url: string; relevance: number; excerpt: string; }' is missing the following properties from type 'LegalCitation': citationType, jurisdiction
lib/ai-lawyer-chatbot.ts(606,9): error TS2739: Type '{ action: string; priority: "high"; cost: string; timeframe: string; }' is missing the following properties from type '{ action: string; priority: "medium" | "high" | "low" | "critical"; cost: string; timeframe: string; diyPossible: boolean; complexity: number; successRate?: number | undefined; }': diyPossible, complexity
lib/ai-lawyer-chatbot.ts(612,9): error TS2739: Type '{ action: string; priority: "medium"; cost: string; timeframe: string; }' is missing the following properties from type '{ action: string; priority: "medium" | "high" | "low" | "critical"; cost: string; timeframe: string; diyPossible: boolean; complexity: number; successRate?: number | undefined; }': diyPossible, complexity
lib/ai-lawyer-chatbot.ts(645,9): error TS2739: Type '{ source: string; title: string; relevance: number; excerpt: string; }' is missing the following properties from type 'LegalCitation': citationType, jurisdiction
lib/ai-lawyer-chatbot.ts(663,9): error TS2739: Type '{ action: string; priority: "high"; cost: string; timeframe: string; }' is missing the following properties from type '{ action: string; priority: "medium" | "high" | "low" | "critical"; cost: string; timeframe: string; diyPossible: boolean; complexity: number; successRate?: number | undefined; }': diyPossible, complexity
lib/ai-lawyer-chatbot.ts(669,9): error TS2739: Type '{ action: string; priority: "high"; cost: string; timeframe: string; }' is missing the following properties from type '{ action: string; priority: "medium" | "high" | "low" | "critical"; cost: string; timeframe: string; diyPossible: boolean; complexity: number; successRate?: number | undefined; }': diyPossible, complexity
lib/ai-lawyer-chatbot.ts(675,9): error TS2739: Type '{ action: string; priority: "medium"; cost: string; timeframe: string; }' is missing the following properties from type '{ action: string; priority: "medium" | "high" | "low" | "critical"; cost: string; timeframe: string; diyPossible: boolean; complexity: number; successRate?: number | undefined; }': diyPossible, complexity
lib/ai-lawyer-chatbot.ts(712,9): error TS2739: Type '{ source: string; title: string; relevance: number; excerpt: string; }' is missing the following properties from type 'LegalCitation': citationType, jurisdiction
lib/ai-lawyer-chatbot.ts(729,9): error TS2739: Type '{ action: string; priority: "high"; cost: string; timeframe: string; }' is missing the following properties from type '{ action: string; priority: "medium" | "high" | "low" | "critical"; cost: string; timeframe: string; diyPossible: boolean; complexity: number; successRate?: number | undefined; }': diyPossible, complexity
lib/ai-lawyer-chatbot.ts(735,9): error TS2739: Type '{ action: string; priority: "high"; cost: string; timeframe: string; }' is missing the following properties from type '{ action: string; priority: "medium" | "high" | "low" | "critical"; cost: string; timeframe: string; diyPossible: boolean; complexity: number; successRate?: number | undefined; }': diyPossible, complexity
lib/ai-lawyer-chatbot.ts(741,9): error TS2739: Type '{ action: string; priority: "high"; cost: string; timeframe: string; }' is missing the following properties from type '{ action: string; priority: "medium" | "high" | "low" | "critical"; cost: string; timeframe: string; diyPossible: boolean; complexity: number; successRate?: number | undefined; }': diyPossible, complexity
lib/ai-lawyer-chatbot.ts(795,9): error TS2739: Type '{ action: string; priority: "high"; cost: string; timeframe: string; }' is missing the following properties from type '{ action: string; priority: "medium" | "high" | "low" | "critical"; cost: string; timeframe: string; diyPossible: boolean; complexity: number; successRate?: number | undefined; }': diyPossible, complexity
lib/ai-lawyer-chatbot.ts(801,9): error TS2739: Type '{ action: string; priority: "medium"; cost: string; timeframe: string; }' is missing the following properties from type '{ action: string; priority: "medium" | "high" | "low" | "critical"; cost: string; timeframe: string; diyPossible: boolean; complexity: number; successRate?: number | undefined; }': diyPossible, complexity
lib/ai-lawyer-chatbot.ts(842,9): error TS2739: Type '{ action: string; priority: "high"; cost: string; timeframe: string; }' is missing the following properties from type '{ action: string; priority: "medium" | "high" | "low" | "critical"; cost: string; timeframe: string; diyPossible: boolean; complexity: number; successRate?: number | undefined; }': diyPossible, complexity
lib/ai-lawyer-chatbot.ts(848,9): error TS2739: Type '{ action: string; priority: "medium"; cost: string; timeframe: string; }' is missing the following properties from type '{ action: string; priority: "medium" | "high" | "low" | "critical"; cost: string; timeframe: string; diyPossible: boolean; complexity: number; successRate?: number | undefined; }': diyPossible, complexity
lib/template-orchestrator.ts(50,56): error TS2559: Type 'string' has no properties in common with type '{ category?: string | undefined; industry?: string | undefined; jurisdiction?: string | undefined; maxRiskScore?: number | undefined; isPremium?: boolean | undefined; tags?: string[] | undefined; }'.
lib/template-orchestrator.ts(83,7): error TS2322: Type 'ContractTemplate | undefined' is not assignable to type 'ExtendedTemplateMetadata | undefined'.
  Type 'ContractTemplate' is missing the following properties from type 'ExtendedTemplateMetadata': supportedJurisdictions, lastLegalReview, aiEnhanced, multiLanguage, and 5 more.
lib/template-orchestrator.ts(110,7): error TS2353: Object literal may only specify known properties, and 'event' does not exist in type '{ type: "download" | "renew" | "view" | "dispute" | "abandon" | "execute" | "customize" | "rate"; templateId: string; userId: string; metadata?: any; timestamp?: Date | undefined; }'.
lib/template-orchestrator.ts(134,29): error TS2554: Expected 3 arguments, but got 2.
lib/template-orchestrator.ts(153,7): error TS2554: Expected 1 arguments, but got 4.
lib/template-orchestrator.ts(161,7): error TS2353: Object literal may only specify known properties, and 'event' does not exist in type '{ type: "download" | "renew" | "view" | "dispute" | "abandon" | "execute" | "customize" | "rate"; templateId: string; userId: string; metadata?: any; timestamp?: Date | undefined; }'.
lib/template-orchestrator.ts(199,44): error TS2559: Type 'string' has no properties in common with type '{ category?: string | undefined; industry?: string | undefined; jurisdiction?: string | undefined; maxRiskScore?: number | undefined; isPremium?: boolean | undefined; tags?: string[] | undefined; }'.
lib/template-orchestrator.ts(200,7): error TS2322: Type '(ExtendedTemplateMetadata | ContractTemplate)[]' is not assignable to type 'ExtendedTemplateMetadata[]'.
  Type 'ExtendedTemplateMetadata | ContractTemplate' is not assignable to type 'ExtendedTemplateMetadata'.
    Type 'ContractTemplate' is missing the following properties from type 'ExtendedTemplateMetadata': supportedJurisdictions, lastLegalReview, aiEnhanced, multiLanguage, and 5 more.
lib/template-orchestrator.ts(249,7): error TS2353: Object literal may only specify known properties, and 'event' does not exist in type '{ type: "download" | "renew" | "view" | "dispute" | "abandon" | "execute" | "customize" | "rate"; templateId: string; userId: string; metadata?: any; timestamp?: Date | undefined; }'.
lib/template-orchestrator.ts(257,5): error TS2322: Type 'void' is not assignable to type 'string | Buffer<ArrayBufferLike>'.
lib/template-orchestrator.ts(279,7): error TS2554: Expected 1 arguments, but got 3.
lib/template-orchestrator.ts(286,7): error TS2353: Object literal may only specify known properties, and 'event' does not exist in type '{ type: "download" | "renew" | "view" | "dispute" | "abandon" | "execute" | "customize" | "rate"; templateId: string; userId: string; metadata?: any; timestamp?: Date | undefined; }'.
lib/template-orchestrator.ts(307,7): error TS2353: Object literal may only specify known properties, and 'event' does not exist in type '{ type: "download" | "renew" | "view" | "dispute" | "abandon" | "execute" | "customize" | "rate"; templateId: string; userId: string; metadata?: any; timestamp?: Date | undefined; }'.
